// 重构日志: 56ac6c68
// 重构日志: 8d8a1654
// 重构日志: 709a5633
// 重构日志: ee4034f2
// 重构日志: 33601244
// 重构日志: e7d87548
// 重构日志: 157368a3
// 重构日志: 448c585b
// 重构日志: 33df882a
// 重构日志: f29b8a5a
// 重构日志: 9341313f
// 重构日志: 4224e8b3
// 重构日志: 84ac5f0e
// 重构日志: 1541b7cd
// 同步 ID: afdfb4e5 @ Mon Aug  3 12:57:03 UTC 2026
// 重构日志: 6bc40133
// 同步 ID: 8efd0c65 @ Tue Aug  4 03:53:45 UTC 2026
// 同步 ID: 19455360 @ Tue Aug  4 08:10:10 UTC 2026
// 同步 ID: 21c53547 @ Tue Aug  4 12:49:57 UTC 2026
// 重构日志: aa6a1555
// 同步 ID: 0f1d7dd7 @ Tue Aug  4 21:21:08 UTC 2026
// 重构日志: 6c16a388
// 同步 ID: 9da7898c @ Wed Aug  5 11:18:03 UTC 2026
// 同步 ID: 6ec58b42 @ Wed Aug  5 13:44:53 UTC 2026
// 重构日志: 1273d75c
// 同步 ID: fb4ffda2 @ Fri Aug  7 05:53:40 UTC 2026
// 同步 ID: 32121d8b @ Fri Aug  7 09:30:55 UTC 2026
// 同步 ID: 9ee00595 @ Fri Aug  7 12:02:03 UTC 2026
// 重构日志: ad71138c
// 同步 ID: e0a7e117 @ Sat Aug  8 00:19:54 UTC 2026
